
[:stdout - 1]
/-/-/-/
trusted_tasks:
  oci://${REGISTRY}/acceptance/bundle:tag:
    - ref: sha256:${REGISTRY_acceptance/bundle:tag_DIGEST}

---

[:stderr - 1]

---

[Fresh tags:stdout - 1]
/-/-/-/
trusted_tasks:
  oci://${REGISTRY}/acceptance/bundle:tag:
    - ref: sha256:${REGISTRY_acceptance/bundle:tag_DIGEST}
    - expires_on: "${TIMESTAMP}"
      ref: sha256:0af8c4f92f4b252b3ef0cbd712e7352196bc33a96c58b6e1d891b26e171deae8

---

[Fresh tags:stderr - 1]

---

[Pipeline definition is ignored from mixed bundle:stdout - 1]
/-/-/-/
trusted_tasks:
  oci://${REGISTRY}/acceptance/bundle:tag:
    - ref: sha256:${REGISTRY_acceptance/bundle:tag_DIGEST}

---

[Pipeline definition is ignored from mixed bundle:stderr - 1]

---

[Pipeline definition is ignored on its own:stdout - 1]
/-/-/-/
{}

---

[Pipeline definition is ignored on its own:stderr - 1]

---

[Track git references:stdout - 1]
/-/-/-/
trusted_tasks:
  git+https://github.com/konflux-ci/build-definitions.git//task/buildah/0.1/buildah.yaml:
    - ref: 3672a457e3e89c0591369f609eba727b8e84108f

---

[Track git references:stderr - 1]

---

[track tekton-task alias:stdout - 1]
/-/-/-/
trusted_tasks:
  git+https://github.com/konflux-ci/build-definitions.git//task/buildah/0.1/buildah.yaml:
    - ref: 3672a457e3e89c0591369f609eba727b8e84108f
  oci://${REGISTRY}/acceptance/bundle:tag:
    - ref: sha256:${REGISTRY_acceptance/bundle:tag_DIGEST}

---

[track tekton-task alias:stderr - 1]

---

[Track git references:stdout - 2]
/-/-/-/
trusted_tasks:
  git+https://forge.io/organization/repository.git//task/0.1/task.yaml:
    - ref: f0cacc1af00d

---

[Track git references:stderr - 2]

---

[Track tekton-task alias:stdout - 1]
/-/-/-/
trusted_tasks:
  git+https://github.com/konflux-ci/build-definitions.git//task/buildah/0.1/buildah.yaml:
    - ref: 3672a457e3e89c0591369f609eba727b8e84108f
  oci://${REGISTRY}/acceptance/bundle:tag:
    - ref: sha256:${REGISTRY_acceptance/bundle:tag_DIGEST}

---

[Track tekton-task alias:stderr - 1]

---

[Track git references, append to existing:stdout - 1]
/-/-/-/
trusted_tasks:
  git+https://forge.io/organization/repository.git//task/0.1/task.yaml:
    - ref: f0cacc1af00d
    - expires_on: "${TIMESTAMP}"
      ref: f0cacc1a

---

[Track git references, append to existing:stderr - 1]

---

[Track git references, with prune:stdout - 1]
/-/-/-/
trusted_tasks:
  git+https://forge.io/organization/repository.git//task/0.1/task.yaml:
    - ref: f0cacc1a

---

[Track git references, with prune:stderr - 1]

---

[Track git references, without git id:stdout - 1]
---

[Track git references, without git id:stderr - 1]
Error: expected "git+https://${GITHOST}/git/tasks.git//task.yaml" to contain the revision information following the `@`, e.g. git+https://github.com/org/repository//task/0.1/task.yaml@f0cacc1a, to fetch the latest revision from a remote URL provide the --freshen parameter

---

[Track git references, with freshen:stdout - 1]
/-/-/-/
trusted_tasks:
  git+https://${GITHOST}/git/tasks.git//task.yaml:
    - ref: ${LATEST_COMMIT}

---

[Track git references, with freshen:stderr - 1]

---
